2026-10-07T20:45:18Z INF Thank you for trying Cloudflare Tunnel. Doing so, without a Cloudflare account, is a quick way to experiment and try it out. However, be aware that these account-less Tunnels have no uptime guarantee, are subject to the Cloudflare Online Services Terms of Use (https://www.cloudflare.com/website-terms/), and Cloudflare reserves the right to investigate your use of Tunnels for violations of such terms. If you intend to use Tunnels in production you should use a pre-created named tunnel by following: https://developers.cloudflare.com/cloudflare-one/connections/connect-apps
2026-10-07T20:45:18Z INF Requesting new quick Tunnel on trycloudflare.com...
2026-10-07T20:45:22Z INF +--------------------------------------------------------------------------------------------+
2026-10-07T20:45:22Z INF |  Your quick Tunnel has been created! Visit it at (it may take some time to be reachable):  |
2026-10-07T20:45:22Z INF |  https://baths-editors-parental-medieval.trycloudflare.com                                 |
2026-10-07T20:45:22Z INF +--------------------------------------------------------------------------------------------+
2026-10-07T20:45:22Z INF Cannot determine default configuration path. No file [config.yml config.yaml] in [~/.cloudflared ~/.cloudflare-warp ~/cloudflare-warp /etc/cloudflared /usr/local/etc/cloudflared]
2026-10-07T20:45:22Z INF Version 2026.7.2 (Checksum 0588df58494a6cadd38b9deb6078908a5054063c80784d92fdb8d4a5f3de1c67)
2026-10-07T20:45:22Z INF GOOS: darwin, GOVersion: go1.26.2, GoArch: arm64
2026-10-07T20:45:22Z INF Settings: map[ha-connections:1 protocol:quic url:http://localhost:3000]
2026-10-07T20:45:22Z INF Autoupdate frequency is set autoupdateFreq=86400000
2026-10-07T20:45:22Z INF Generated Connector ID: 44828782-93eb-43bc-aa4f-03cf41809245
2026-10-07T20:45:22Z INF Initial protocol quic
2026-10-07T20:45:22Z INF ICMP proxy will use 10.1.10.69 as source for IPv4
2026-10-07T20:45:22Z INF ICMP proxy will use fe80::18d5:681f:fb75:276c in zone en0 as source for IPv6
2026-10-07T20:45:22Z INF Created ICMP proxy listening on 10.1.10.69:0
2026-10-07T20:45:23Z INF ICMP proxy will use 10.1.10.69 as source for IPv4
2026-10-07T20:45:23Z INF ICMP proxy will use fe80::18d5:681f:fb75:276c in zone en0 as source for IPv6
2026-10-07T20:45:23Z INF Starting metrics server on 127.0.0.1:20244/metrics
2026-10-07T20:45:23Z INF Tunnel connection curve preferences: [X25519MLKEM768 CurveID(65074) CurveP256] connIndex=0 event=0 ip=2606:4700:a8::1
2026-10-07T20:45:23Z INF Registered tunnel connection connIndex=0 connection=abc8d41f-0d7b-49a3-93f4-9d4f36b69d28 event=0 ip=2606:4700:a8::1 location=sjc10 protocol=quic
2026-10-07T20:45:23Z INF +-------------------------------------------------------------------------------------+
2026-10-07T20:45:23Z INF |                               CONNECTIVITY PRE-CHECKS                               |
2026-10-07T20:45:23Z INF +-------------------------------------------------------------------------------------+
2026-10-07T20:45:23Z INF |  COMPONENT         TARGET                     STATUS  DETAILS                       |
2026-10-07T20:45:23Z INF |  DNS Resolution    region1.v2.argotunnel.com  PASS    DNS Resolved successfully     |
2026-10-07T20:45:23Z INF |  DNS Resolution    region2.v2.argotunnel.com  PASS    DNS Resolved successfully     |
2026-10-07T20:45:23Z INF |  UDP Connectivity  region1.v2.argotunnel.com  PASS    QUIC connection successful    |
2026-10-07T20:45:23Z INF |  UDP Connectivity  region2.v2.argotunnel.com  PASS    QUIC connection successful    |
2026-10-07T20:45:23Z INF |  TCP Connectivity  region1.v2.argotunnel.com  PASS    HTTP/2 connection successful  |
2026-10-07T20:45:23Z INF |  TCP Connectivity  region2.v2.argotunnel.com  PASS    HTTP/2 connection successful  |
2026-10-07T20:45:23Z INF |  Cloudflare API    api.cloudflare.com:443     PASS    API is reachable              |
2026-10-07T20:45:23Z INF |                                                                                     |
2026-10-07T20:45:23Z INF |  SUMMARY: Environment is healthy. cloudflared will use 'quic' as primary protocol.  |
2026-10-07T20:45:23Z INF +-------------------------------------------------------------------------------------+
2026-10-07T20:45:23Z INF precheck component="DNS Resolution" details="DNS Resolved successfully" run_id=ec6e7e1b-3701-4060-b0ef-4c43bff790f7 status=pass target=region1.v2.argotunnel.com
2026-10-07T20:45:23Z INF precheck component="DNS Resolution" details="DNS Resolved successfully" run_id=ec6e7e1b-3701-4060-b0ef-4c43bff790f7 status=pass target=region2.v2.argotunnel.com
2026-10-07T20:45:23Z INF precheck component="UDP Connectivity" details="QUIC connection successful" run_id=ec6e7e1b-3701-4060-b0ef-4c43bff790f7 status=pass target=region1.v2.argotunnel.com
2026-10-07T20:45:23Z INF precheck component="UDP Connectivity" details="QUIC connection successful" run_id=ec6e7e1b-3701-4060-b0ef-4c43bff790f7 status=pass target=region2.v2.argotunnel.com
2026-10-07T20:45:23Z INF precheck component="TCP Connectivity" details="HTTP/2 connection successful" run_id=ec6e7e1b-3701-4060-b0ef-4c43bff790f7 status=pass target=region1.v2.argotunnel.com
2026-10-07T20:45:23Z INF precheck component="TCP Connectivity" details="HTTP/2 connection successful" run_id=ec6e7e1b-3701-4060-b0ef-4c43bff790f7 status=pass target=region2.v2.argotunnel.com
2026-10-07T20:45:23Z INF precheck component="Cloudflare API" details="API is reachable" run_id=ec6e7e1b-3701-4060-b0ef-4c43bff790f7 status=pass target=api.cloudflare.com:443
2026-10-07T20:45:23Z INF precheck complete hard_fail=false run_id=ec6e7e1b-3701-4060-b0ef-4c43bff790f7 suggested_protocol=quic
